
===========================================================================
report_checks -unconstrained
===========================================================================
======================= Typical Corner ===================================

Startpoint: A[1] (input port clocked by clk)
Endpoint: Y[3] (output port clocked by clk)
Path Group: clk
Path Type: max

Fanout     Cap    Slew   Delay    Time   Description
-----------------------------------------------------------------------------
                          0.00    0.00   clock clk (rise edge)
                          0.00    0.00   clock network delay (propagated)
                          2.00    2.00 ^ input external delay
                  0.02    0.01    2.01 ^ A[1] (in)
     1    0.00                           A[1] (net)
                  0.02    0.00    2.01 ^ input2/A (sky130_fd_sc_hd__dlymetal6s2s_1)
                  0.17    0.17    2.17 ^ input2/X (sky130_fd_sc_hd__dlymetal6s2s_1)
     4    0.01                           net2 (net)
                  0.17    0.00    2.17 ^ _51_/B (sky130_fd_sc_hd__xor2_2)
                  0.21    0.24    2.41 ^ _51_/X (sky130_fd_sc_hd__xor2_2)
     5    0.01                           _08_ (net)
                  0.21    0.00    2.41 ^ _53_/A3 (sky130_fd_sc_hd__a31o_1)
                  0.08    0.21    2.62 ^ _53_/X (sky130_fd_sc_hd__a31o_1)
     3    0.01                           _10_ (net)
                  0.08    0.00    2.62 ^ _55_/A2 (sky130_fd_sc_hd__a21oi_1)
                  0.07    0.09    2.71 v _55_/Y (sky130_fd_sc_hd__a21oi_1)
     3    0.01                           _12_ (net)
                  0.07    0.00    2.71 v _87_/B (sky130_fd_sc_hd__or2_1)
                  0.05    0.21    2.92 v _87_/X (sky130_fd_sc_hd__or2_1)
     1    0.00                           _40_ (net)
                  0.05    0.00    2.92 v _90_/A2 (sky130_fd_sc_hd__a32o_1)
                  0.04    0.25    3.17 v _90_/X (sky130_fd_sc_hd__a32o_1)
     1    0.00                           _43_ (net)
                  0.04    0.00    3.17 v _91_/B1 (sky130_fd_sc_hd__a31o_1)
                  0.03    0.18    3.35 v _91_/X (sky130_fd_sc_hd__a31o_1)
     1    0.00                           net15 (net)
                  0.03    0.00    3.35 v output15/A (sky130_fd_sc_hd__clkbuf_4)
                  0.08    0.19    3.53 v output15/X (sky130_fd_sc_hd__clkbuf_4)
     1    0.03                           Y[3] (net)
                  0.08    0.00    3.53 v Y[3] (out)
                                  3.53   data arrival time

                         10.00   10.00   clock clk (rise edge)
                          0.00   10.00   clock network delay (propagated)
                         -0.25    9.75   clock uncertainty
                          0.00    9.75   clock reconvergence pessimism
                         -2.00    7.75   output external delay
                                  7.75   data required time
-----------------------------------------------------------------------------
                                  7.75   data required time
                                 -3.53   data arrival time
-----------------------------------------------------------------------------
                                  4.22   slack (MET)




===========================================================================
report_checks --slack_max -0.01
============================================================================
======================= Typical Corner ===================================

No paths found.


===========================================================================
 report_check_types -max_slew -max_cap -max_fanout -violators
============================================================================
======================= Typical Corner ===================================



===========================================================================
report_parasitic_annotation -report_unannotated
============================================================================
Found 75 unannotated drivers.
 A[0]
 A[1]
 A[2]
 A[3]
 B[0]
 B[1]
 B[2]
 B[3]
 clk
 sel[0]
 sel[1]
 _44_/X
 _45_/X
 _46_/X
 _47_/Y
 _48_/Y
 _49_/Y
 _50_/X
 _51_/X
 _52_/X
 _53_/X
 _54_/X
 _55_/Y
 _56_/Y
 _57_/Y
 _58_/Y
 _59_/Y
 _60_/X
 _61_/X
 _62_/Y
 _63_/X
 _64_/X
 _65_/Y
 _66_/X
 _67_/X
 _68_/Y
 _69_/X
 _70_/X
 _71_/X
 _72_/Y
 _73_/Y
 _74_/X
 _75_/Y
 _76_/Y
 _77_/Y
 _78_/X
 _79_/Y
 _80_/Y
 _81_/Y
 _82_/X
 _83_/X
 _84_/X
 _85_/Y
 _86_/X
 _87_/X
 _88_/Y
 _89_/X
 _90_/X
 _91_/X
 _92_/Q
 input1/X
 input10/X
 input2/X
 input3/X
 input4/X
 input5/X
 input6/X
 input7/X
 input8/X
 input9/X
 output11/X
 output12/X
 output13/X
 output14/X
 output15/X
Found 0 partially unannotated drivers.

===========================================================================
max slew violation count 0
max fanout violation count 0
max cap violation count 0
============================================================================

===========================================================================
check_setup -verbose -unconstrained_endpoints -multiple_clock -no_clock -no_input_delay -loops -generated_clocks
===========================================================================
Warning: There is 1 unclocked register/latch pin.
  _92_/GATE_N
Warning: There are 2 unconstrained endpoints.
  Cout
  _92_/D
